"03-attribute-init.cl", line 2:9, Semantic error: Class A has attribute x with undefined type SELF_TYPE
Compilation halted
