"08-assignment.cl", line 8:5, Semantic error: Class A redefines method f
Compilation halted
